2026-06-03 21:24:45,802 [INFO] Loaded config from: configs/hero_cnn.yaml
2026-06-03 21:24:45,802 [INFO] Running experiments. Logs and output weights saved in: ./outputs/cnn
2026-06-03 21:24:45,802 [INFO] Using Apple Silicon (MPS) acceleration.
2026-06-03 21:24:45,834 [INFO] RetinaMNIST Dataloaders loaded. Dynamic class weights computed: [0.4444444477558136, 1.6875, 1.0485436916351318, 1.113402009010315, 3.2727272510528564]
2026-06-03 21:24:45,852 [INFO] Model CNN initialized and moved to mps.
2026-06-03 21:24:45,921 [INFO] --- Epoch 1/50 ---
2026-06-03 21:26:02,515 [INFO] Loaded config from: configs/hero_cnn.yaml
2026-06-03 21:26:02,515 [INFO] Running experiments. Logs and output weights saved in: ./outputs/cnn
2026-06-03 21:26:02,515 [INFO] Using Apple Silicon (MPS) acceleration.
2026-06-03 21:26:02,548 [INFO] RetinaMNIST Dataloaders loaded. Dynamic class weights computed: [0.4444444477558136, 1.6875, 1.0485436916351318, 1.113402009010315, 3.2727272510528564]
2026-06-03 21:26:02,568 [INFO] Model CNN initialized and moved to mps.
2026-06-03 21:26:02,627 [INFO] --- Epoch 1/50 ---
2026-06-03 21:26:03,950 [INFO] Train -> Loss: 1.5411 | Acc: 0.4093 | QWK: 0.3480
2026-06-03 21:26:03,950 [INFO] Val   -> Loss: 1.4153 | Acc: 0.5500 | QWK: 0.6058 | AUC-ROC: 0.7602
2026-06-03 21:26:03,988 [INFO] New best validation QWK: 0.6058! Model checkpoint saved.
2026-06-03 21:26:03,989 [INFO] --- Epoch 2/50 ---
2026-06-03 21:26:04,582 [INFO] Train -> Loss: 1.4568 | Acc: 0.4407 | QWK: 0.4726
2026-06-03 21:26:04,582 [INFO] Val   -> Loss: 1.3373 | Acc: 0.4833 | QWK: 0.5885 | AUC-ROC: 0.7683
2026-06-03 21:26:04,597 [INFO] --- Epoch 3/50 ---
2026-06-03 21:26:05,173 [INFO] Train -> Loss: 1.4213 | Acc: 0.4630 | QWK: 0.4928
2026-06-03 21:26:05,173 [INFO] Val   -> Loss: 1.2991 | Acc: 0.4250 | QWK: 0.5496 | AUC-ROC: 0.7994
2026-06-03 21:26:05,188 [INFO] --- Epoch 4/50 ---
2026-06-03 21:26:05,755 [INFO] Train -> Loss: 1.3992 | Acc: 0.4815 | QWK: 0.5034
2026-06-03 21:26:05,755 [INFO] Val   -> Loss: 1.2501 | Acc: 0.4667 | QWK: 0.5023 | AUC-ROC: 0.8082
2026-06-03 21:26:05,771 [INFO] --- Epoch 5/50 ---
2026-06-03 21:26:06,359 [INFO] Train -> Loss: 1.4089 | Acc: 0.4472 | QWK: 0.4811
2026-06-03 21:26:06,360 [INFO] Val   -> Loss: 1.2870 | Acc: 0.4833 | QWK: 0.6039 | AUC-ROC: 0.8047
2026-06-03 21:26:06,376 [INFO] --- Epoch 6/50 ---
2026-06-03 21:26:06,954 [INFO] Train -> Loss: 1.4109 | Acc: 0.4713 | QWK: 0.5013
2026-06-03 21:26:06,954 [INFO] Val   -> Loss: 1.3020 | Acc: 0.4167 | QWK: 0.5560 | AUC-ROC: 0.8124
2026-06-03 21:26:06,986 [INFO] --- Epoch 7/50 ---
2026-06-03 21:26:07,571 [INFO] Train -> Loss: 1.3978 | Acc: 0.4731 | QWK: 0.4911
2026-06-03 21:26:07,571 [INFO] Val   -> Loss: 1.2426 | Acc: 0.5500 | QWK: 0.6813 | AUC-ROC: 0.8040
2026-06-03 21:26:07,614 [INFO] New best validation QWK: 0.6813! Model checkpoint saved.
2026-06-03 21:26:07,614 [INFO] --- Epoch 8/50 ---
2026-06-03 21:26:08,207 [INFO] Train -> Loss: 1.3662 | Acc: 0.4704 | QWK: 0.5164
2026-06-03 21:26:08,207 [INFO] Val   -> Loss: 1.2470 | Acc: 0.4500 | QWK: 0.5645 | AUC-ROC: 0.8215
2026-06-03 21:26:08,238 [INFO] --- Epoch 9/50 ---
2026-06-03 21:26:08,804 [INFO] Train -> Loss: 1.3671 | Acc: 0.4750 | QWK: 0.5042
2026-06-03 21:26:08,804 [INFO] Val   -> Loss: 1.2893 | Acc: 0.5500 | QWK: 0.6197 | AUC-ROC: 0.7962
2026-06-03 21:26:08,831 [INFO] --- Epoch 10/50 ---
2026-06-03 21:26:09,404 [INFO] Train -> Loss: 1.3671 | Acc: 0.4602 | QWK: 0.5005
2026-06-03 21:26:09,404 [INFO] Val   -> Loss: 1.2785 | Acc: 0.5417 | QWK: 0.6173 | AUC-ROC: 0.8118
2026-06-03 21:26:09,427 [INFO] --- Epoch 11/50 ---
2026-06-03 21:26:09,985 [INFO] Train -> Loss: 1.3767 | Acc: 0.4806 | QWK: 0.5109
2026-06-03 21:26:09,985 [INFO] Val   -> Loss: 1.1919 | Acc: 0.5667 | QWK: 0.6855 | AUC-ROC: 0.8522
2026-06-03 21:26:10,031 [INFO] New best validation QWK: 0.6855! Model checkpoint saved.
2026-06-03 21:26:10,031 [INFO] --- Epoch 12/50 ---
2026-06-03 21:26:10,611 [INFO] Train -> Loss: 1.3373 | Acc: 0.4806 | QWK: 0.5325
2026-06-03 21:26:10,611 [INFO] Val   -> Loss: 1.2152 | Acc: 0.4500 | QWK: 0.5827 | AUC-ROC: 0.8309
2026-06-03 21:26:10,650 [INFO] --- Epoch 13/50 ---
2026-06-03 21:26:11,234 [INFO] Train -> Loss: 1.2944 | Acc: 0.4944 | QWK: 0.5465
2026-06-03 21:26:11,234 [INFO] Val   -> Loss: 1.2490 | Acc: 0.4750 | QWK: 0.5779 | AUC-ROC: 0.7998
2026-06-03 21:26:11,255 [INFO] --- Epoch 14/50 ---
2026-06-03 21:26:11,821 [INFO] Train -> Loss: 1.3580 | Acc: 0.4611 | QWK: 0.4903
2026-06-03 21:26:11,821 [INFO] Val   -> Loss: 1.2194 | Acc: 0.5417 | QWK: 0.7004 | AUC-ROC: 0.8267
2026-06-03 21:26:11,859 [INFO] New best validation QWK: 0.7004! Model checkpoint saved.
2026-06-03 21:26:11,859 [INFO] --- Epoch 15/50 ---
2026-06-03 21:26:12,410 [INFO] Train -> Loss: 1.3140 | Acc: 0.4861 | QWK: 0.5460
2026-06-03 21:26:12,411 [INFO] Val   -> Loss: 1.2547 | Acc: 0.4750 | QWK: 0.6066 | AUC-ROC: 0.8107
2026-06-03 21:26:12,431 [INFO] --- Epoch 16/50 ---
2026-06-03 21:26:13,010 [INFO] Train -> Loss: 1.3232 | Acc: 0.4898 | QWK: 0.5296
2026-06-03 21:26:13,010 [INFO] Val   -> Loss: 1.2141 | Acc: 0.4750 | QWK: 0.5939 | AUC-ROC: 0.8173
2026-06-03 21:26:13,029 [INFO] --- Epoch 17/50 ---
2026-06-03 21:26:13,587 [INFO] Train -> Loss: 1.3018 | Acc: 0.5065 | QWK: 0.5340
2026-06-03 21:26:13,587 [INFO] Val   -> Loss: 1.2179 | Acc: 0.5083 | QWK: 0.6934 | AUC-ROC: 0.8199
2026-06-03 21:26:13,607 [INFO] --- Epoch 18/50 ---
2026-06-03 21:26:14,163 [INFO] Train -> Loss: 1.2741 | Acc: 0.5009 | QWK: 0.5668
2026-06-03 21:26:14,163 [INFO] Val   -> Loss: 1.1941 | Acc: 0.5083 | QWK: 0.6349 | AUC-ROC: 0.8184
2026-06-03 21:26:14,179 [INFO] --- Epoch 19/50 ---
2026-06-03 21:26:14,749 [INFO] Train -> Loss: 1.3055 | Acc: 0.4963 | QWK: 0.5471
2026-06-03 21:26:14,749 [INFO] Val   -> Loss: 1.2450 | Acc: 0.4750 | QWK: 0.5251 | AUC-ROC: 0.8075
2026-06-03 21:26:14,769 [INFO] --- Epoch 20/50 ---
2026-06-03 21:26:15,356 [INFO] Train -> Loss: 1.3224 | Acc: 0.4954 | QWK: 0.5113
2026-06-03 21:26:15,356 [INFO] Val   -> Loss: 1.2945 | Acc: 0.4167 | QWK: 0.5933 | AUC-ROC: 0.7869
2026-06-03 21:26:15,373 [INFO] --- Epoch 21/50 ---
2026-06-03 21:26:15,935 [INFO] Train -> Loss: 1.2758 | Acc: 0.5074 | QWK: 0.5224
2026-06-03 21:26:15,935 [INFO] Val   -> Loss: 1.2215 | Acc: 0.5417 | QWK: 0.6356 | AUC-ROC: 0.8143
2026-06-03 21:26:15,957 [INFO] --- Epoch 22/50 ---
2026-06-03 21:26:16,526 [INFO] Train -> Loss: 1.2595 | Acc: 0.4963 | QWK: 0.5540
2026-06-03 21:26:16,526 [INFO] Val   -> Loss: 1.2991 | Acc: 0.4417 | QWK: 0.6363 | AUC-ROC: 0.7969
2026-06-03 21:26:16,549 [INFO] --- Epoch 23/50 ---
2026-06-03 21:26:17,115 [INFO] Train -> Loss: 1.2738 | Acc: 0.5037 | QWK: 0.5418
2026-06-03 21:26:17,115 [INFO] Val   -> Loss: 1.2806 | Acc: 0.5333 | QWK: 0.6335 | AUC-ROC: 0.7936
2026-06-03 21:26:17,158 [INFO] --- Epoch 24/50 ---
2026-06-03 21:26:17,734 [INFO] Train -> Loss: 1.2460 | Acc: 0.5065 | QWK: 0.5555
2026-06-03 21:26:17,734 [INFO] Val   -> Loss: 1.2538 | Acc: 0.4750 | QWK: 0.6693 | AUC-ROC: 0.7979
2026-06-03 21:26:17,753 [INFO] --- Epoch 25/50 ---
2026-06-03 21:26:18,305 [INFO] Train -> Loss: 1.2554 | Acc: 0.5148 | QWK: 0.5544
2026-06-03 21:26:18,305 [INFO] Val   -> Loss: 1.2372 | Acc: 0.5583 | QWK: 0.7125 | AUC-ROC: 0.8141
2026-06-03 21:26:18,355 [INFO] New best validation QWK: 0.7125! Model checkpoint saved.
2026-06-03 21:26:18,355 [INFO] --- Epoch 26/50 ---
2026-06-03 21:26:18,889 [INFO] Train -> Loss: 1.2544 | Acc: 0.5065 | QWK: 0.5598
2026-06-03 21:26:18,889 [INFO] Val   -> Loss: 1.3153 | Acc: 0.5000 | QWK: 0.6323 | AUC-ROC: 0.7956
2026-06-03 21:26:18,908 [INFO] --- Epoch 27/50 ---
2026-06-03 21:26:19,475 [INFO] Train -> Loss: 1.2569 | Acc: 0.4926 | QWK: 0.5137
2026-06-03 21:26:19,475 [INFO] Val   -> Loss: 1.2640 | Acc: 0.5167 | QWK: 0.6458 | AUC-ROC: 0.7925
2026-06-03 21:26:19,493 [INFO] --- Epoch 28/50 ---
2026-06-03 21:26:20,073 [INFO] Train -> Loss: 1.2213 | Acc: 0.5352 | QWK: 0.5556
2026-06-03 21:26:20,074 [INFO] Val   -> Loss: 1.2911 | Acc: 0.5083 | QWK: 0.6508 | AUC-ROC: 0.7960
2026-06-03 21:26:20,091 [INFO] --- Epoch 29/50 ---
2026-06-03 21:26:20,639 [INFO] Train -> Loss: 1.2206 | Acc: 0.5139 | QWK: 0.5721
2026-06-03 21:26:20,640 [INFO] Val   -> Loss: 1.3150 | Acc: 0.5250 | QWK: 0.6553 | AUC-ROC: 0.7864
2026-06-03 21:26:20,657 [INFO] --- Epoch 30/50 ---
2026-06-03 21:26:21,221 [INFO] Train -> Loss: 1.2492 | Acc: 0.5259 | QWK: 0.5534
2026-06-03 21:26:21,221 [INFO] Val   -> Loss: 1.3384 | Acc: 0.5083 | QWK: 0.6348 | AUC-ROC: 0.7748
2026-06-03 21:26:21,240 [INFO] --- Epoch 31/50 ---
2026-06-03 21:26:21,812 [INFO] Train -> Loss: 1.2125 | Acc: 0.5167 | QWK: 0.5556
2026-06-03 21:26:21,812 [INFO] Val   -> Loss: 1.2292 | Acc: 0.5167 | QWK: 0.6289 | AUC-ROC: 0.8022
2026-06-03 21:26:21,830 [INFO] --- Epoch 32/50 ---
2026-06-03 21:26:22,388 [INFO] Train -> Loss: 1.2314 | Acc: 0.5037 | QWK: 0.5612
2026-06-03 21:26:22,388 [INFO] Val   -> Loss: 1.2171 | Acc: 0.5583 | QWK: 0.6894 | AUC-ROC: 0.8144
2026-06-03 21:26:22,417 [INFO] --- Epoch 33/50 ---
2026-06-03 21:26:22,987 [INFO] Train -> Loss: 1.1936 | Acc: 0.5176 | QWK: 0.5400
2026-06-03 21:26:22,987 [INFO] Val   -> Loss: 1.3551 | Acc: 0.5167 | QWK: 0.6673 | AUC-ROC: 0.7832
2026-06-03 21:26:23,016 [INFO] --- Epoch 34/50 ---
2026-06-03 21:26:23,607 [INFO] Train -> Loss: 1.2072 | Acc: 0.5296 | QWK: 0.5752
2026-06-03 21:26:23,607 [INFO] Val   -> Loss: 1.3603 | Acc: 0.4917 | QWK: 0.6796 | AUC-ROC: 0.7695
2026-06-03 21:26:23,631 [INFO] --- Epoch 35/50 ---
2026-06-03 21:26:24,339 [INFO] Train -> Loss: 1.1732 | Acc: 0.5398 | QWK: 0.5832
2026-06-03 21:26:24,340 [INFO] Val   -> Loss: 1.3073 | Acc: 0.5917 | QWK: 0.6674 | AUC-ROC: 0.7951
2026-06-03 21:26:24,369 [INFO] --- Epoch 36/50 ---
2026-06-03 21:26:25,199 [INFO] Train -> Loss: 1.1963 | Acc: 0.5343 | QWK: 0.5888
2026-06-03 21:26:25,199 [INFO] Val   -> Loss: 1.3958 | Acc: 0.5667 | QWK: 0.6875 | AUC-ROC: 0.7839
2026-06-03 21:26:25,224 [INFO] --- Epoch 37/50 ---
2026-06-03 21:26:26,053 [INFO] Train -> Loss: 1.1720 | Acc: 0.5222 | QWK: 0.5554
2026-06-03 21:26:26,053 [INFO] Val   -> Loss: 1.3361 | Acc: 0.4750 | QWK: 0.6127 | AUC-ROC: 0.8102
2026-06-03 21:26:26,078 [INFO] --- Epoch 38/50 ---
2026-06-03 21:26:26,891 [INFO] Train -> Loss: 1.2041 | Acc: 0.5241 | QWK: 0.5562
2026-06-03 21:26:26,891 [INFO] Val   -> Loss: 1.3420 | Acc: 0.5250 | QWK: 0.6282 | AUC-ROC: 0.7778
2026-06-03 21:26:26,914 [INFO] --- Epoch 39/50 ---
2026-06-03 21:26:27,741 [INFO] Train -> Loss: 1.1659 | Acc: 0.5500 | QWK: 0.5687
2026-06-03 21:26:27,741 [INFO] Val   -> Loss: 1.2813 | Acc: 0.5500 | QWK: 0.6238 | AUC-ROC: 0.7954
2026-06-03 21:26:27,774 [INFO] --- Epoch 40/50 ---
2026-06-03 21:26:28,609 [INFO] Train -> Loss: 1.1561 | Acc: 0.5602 | QWK: 0.5876
2026-06-03 21:26:28,609 [INFO] Val   -> Loss: 1.4527 | Acc: 0.5000 | QWK: 0.6473 | AUC-ROC: 0.7645
2026-06-03 21:26:28,631 [INFO] --- Epoch 41/50 ---
2026-06-03 21:26:29,458 [INFO] Train -> Loss: 1.1272 | Acc: 0.5491 | QWK: 0.5819
2026-06-03 21:26:29,458 [INFO] Val   -> Loss: 1.6222 | Acc: 0.4417 | QWK: 0.5956 | AUC-ROC: 0.7277
2026-06-03 21:26:29,483 [INFO] --- Epoch 42/50 ---
2026-06-03 21:26:30,323 [INFO] Train -> Loss: 1.1330 | Acc: 0.5704 | QWK: 0.5943
2026-06-03 21:26:30,323 [INFO] Val   -> Loss: 1.3504 | Acc: 0.5000 | QWK: 0.6182 | AUC-ROC: 0.7695
2026-06-03 21:26:30,341 [INFO] --- Epoch 43/50 ---
2026-06-03 21:26:31,296 [INFO] Train -> Loss: 1.1818 | Acc: 0.5241 | QWK: 0.5553
2026-06-03 21:26:31,296 [INFO] Val   -> Loss: 1.4289 | Acc: 0.5667 | QWK: 0.6534 | AUC-ROC: 0.7664
2026-06-03 21:26:31,314 [INFO] --- Epoch 44/50 ---
2026-06-03 21:26:32,805 [INFO] Train -> Loss: 1.1097 | Acc: 0.5583 | QWK: 0.6055
2026-06-03 21:26:32,806 [INFO] Val   -> Loss: 1.4847 | Acc: 0.5417 | QWK: 0.6432 | AUC-ROC: 0.7563
2026-06-03 21:26:32,832 [INFO] --- Epoch 45/50 ---
2026-06-03 21:26:33,538 [INFO] Train -> Loss: 1.1598 | Acc: 0.5444 | QWK: 0.5501
2026-06-03 21:26:33,538 [INFO] Val   -> Loss: 1.2904 | Acc: 0.5167 | QWK: 0.6124 | AUC-ROC: 0.8005
2026-06-03 21:26:33,559 [INFO] --- Epoch 46/50 ---
2026-06-03 21:26:34,273 [INFO] Train -> Loss: 1.1513 | Acc: 0.5556 | QWK: 0.5845
2026-06-03 21:26:34,273 [INFO] Val   -> Loss: 1.3211 | Acc: 0.5167 | QWK: 0.5966 | AUC-ROC: 0.7904
2026-06-03 21:26:34,290 [INFO] --- Epoch 47/50 ---
2026-06-03 21:26:34,863 [INFO] Train -> Loss: 1.1089 | Acc: 0.5537 | QWK: 0.5930
2026-06-03 21:26:34,863 [INFO] Val   -> Loss: 1.4588 | Acc: 0.5167 | QWK: 0.6849 | AUC-ROC: 0.7689
2026-06-03 21:26:34,879 [INFO] --- Epoch 48/50 ---
2026-06-03 21:26:35,481 [INFO] Train -> Loss: 1.0865 | Acc: 0.5667 | QWK: 0.6037
2026-06-03 21:26:35,481 [INFO] Val   -> Loss: 1.4670 | Acc: 0.5250 | QWK: 0.6574 | AUC-ROC: 0.7670
2026-06-03 21:26:35,499 [INFO] --- Epoch 49/50 ---
2026-06-03 21:26:36,113 [INFO] Train -> Loss: 1.0775 | Acc: 0.5602 | QWK: 0.5886
2026-06-03 21:26:36,113 [INFO] Val   -> Loss: 1.4173 | Acc: 0.5000 | QWK: 0.6575 | AUC-ROC: 0.7789
2026-06-03 21:26:36,137 [INFO] --- Epoch 50/50 ---
2026-06-03 21:26:36,706 [INFO] Train -> Loss: 1.0591 | Acc: 0.5889 | QWK: 0.6055
2026-06-03 21:26:36,706 [INFO] Val   -> Loss: 1.3726 | Acc: 0.5417 | QWK: 0.5657 | AUC-ROC: 0.7733
2026-06-03 21:26:36,725 [INFO] Training complete. Saving curves...
2026-06-03 21:26:36,899 [INFO] Done! Results and checkpoints saved under: ./outputs/cnn
2026-06-03 21:30:23,818 [INFO] Loaded config from: configs/hero_cnn.yaml
2026-06-03 21:30:23,821 [INFO] Running experiments. Logs and output weights saved in: ./outputs/cnn
2026-06-03 21:30:23,821 [INFO] Using Apple Silicon (MPS) acceleration.
2026-06-03 21:30:23,853 [INFO] RetinaMNIST Dataloaders loaded. Dynamic class weights computed: [0.4444444477558136, 1.6875, 1.0485436916351318, 1.113402009010315, 3.2727272510528564]
2026-06-03 21:30:23,872 [INFO] Model CNN initialized and moved to mps.
2026-06-03 21:30:23,929 [INFO] --- Epoch 1/100 (Learning Rate: 0.000500) ---
2026-06-03 21:30:25,121 [INFO] Train -> Loss: 1.5571 | Acc: 0.3759 | QWK: 0.3155
2026-06-03 21:30:25,121 [INFO] Val   -> Loss: 1.4339 | Acc: 0.5000 | QWK: 0.6234 | AUC-ROC: 0.7463
2026-06-03 21:30:25,154 [INFO] New best validation QWK: 0.6234! Model checkpoint saved.
2026-06-03 21:30:25,154 [INFO] --- Epoch 2/100 (Learning Rate: 0.000500) ---
2026-06-03 21:30:25,736 [INFO] Train -> Loss: 1.4545 | Acc: 0.4167 | QWK: 0.4681
2026-06-03 21:30:25,736 [INFO] Val   -> Loss: 1.3324 | Acc: 0.4250 | QWK: 0.5130 | AUC-ROC: 0.7631
2026-06-03 21:30:25,752 [INFO] --- Epoch 3/100 (Learning Rate: 0.000500) ---
2026-06-03 21:30:26,318 [INFO] Train -> Loss: 1.4295 | Acc: 0.4620 | QWK: 0.4658
2026-06-03 21:30:26,318 [INFO] Val   -> Loss: 1.3255 | Acc: 0.4167 | QWK: 0.5069 | AUC-ROC: 0.7619
2026-06-03 21:30:26,334 [INFO] --- Epoch 4/100 (Learning Rate: 0.000500) ---
2026-06-03 21:30:26,910 [INFO] Train -> Loss: 1.4149 | Acc: 0.4639 | QWK: 0.4908
2026-06-03 21:30:26,910 [INFO] Val   -> Loss: 1.2746 | Acc: 0.4667 | QWK: 0.5092 | AUC-ROC: 0.7862
2026-06-03 21:30:26,933 [INFO] --- Epoch 5/100 (Learning Rate: 0.000500) ---
2026-06-03 21:30:27,522 [INFO] Train -> Loss: 1.4142 | Acc: 0.4370 | QWK: 0.4574
2026-06-03 21:30:27,522 [INFO] Val   -> Loss: 1.2906 | Acc: 0.4583 | QWK: 0.5643 | AUC-ROC: 0.7990
2026-06-03 21:30:27,550 [INFO] --- Epoch 6/100 (Learning Rate: 0.000500) ---
2026-06-03 21:30:28,121 [INFO] Train -> Loss: 1.4295 | Acc: 0.4593 | QWK: 0.4906
2026-06-03 21:30:28,121 [INFO] Val   -> Loss: 1.3660 | Acc: 0.3833 | QWK: 0.5358 | AUC-ROC: 0.7997
2026-06-03 21:30:28,165 [INFO] --- Epoch 7/100 (Learning Rate: 0.000500) ---
2026-06-03 21:30:28,722 [INFO] Train -> Loss: 1.4125 | Acc: 0.4778 | QWK: 0.5017
2026-06-03 21:30:28,722 [INFO] Val   -> Loss: 1.2734 | Acc: 0.5167 | QWK: 0.5441 | AUC-ROC: 0.8063
2026-06-03 21:30:28,745 [INFO] --- Epoch 8/100 (Learning Rate: 0.000250) ---
2026-06-03 21:30:29,335 [INFO] Train -> Loss: 1.3622 | Acc: 0.4861 | QWK: 0.5445
2026-06-03 21:30:29,335 [INFO] Val   -> Loss: 1.2879 | Acc: 0.4667 | QWK: 0.5730 | AUC-ROC: 0.8034
2026-06-03 21:30:29,358 [INFO] --- Epoch 9/100 (Learning Rate: 0.000250) ---
2026-06-03 21:30:29,958 [INFO] Train -> Loss: 1.3730 | Acc: 0.4750 | QWK: 0.5034
2026-06-03 21:30:29,958 [INFO] Val   -> Loss: 1.2666 | Acc: 0.4417 | QWK: 0.5509 | AUC-ROC: 0.8160
2026-06-03 21:30:29,981 [INFO] --- Epoch 10/100 (Learning Rate: 0.000250) ---
2026-06-03 21:30:30,546 [INFO] Train -> Loss: 1.3680 | Acc: 0.4870 | QWK: 0.5181
2026-06-03 21:30:30,546 [INFO] Val   -> Loss: 1.2587 | Acc: 0.4583 | QWK: 0.5752 | AUC-ROC: 0.8265
2026-06-03 21:30:30,565 [INFO] --- Epoch 11/100 (Learning Rate: 0.000250) ---
2026-06-03 21:30:31,122 [INFO] Train -> Loss: 1.3556 | Acc: 0.4796 | QWK: 0.5171
2026-06-03 21:30:31,122 [INFO] Val   -> Loss: 1.2293 | Acc: 0.5167 | QWK: 0.6006 | AUC-ROC: 0.8273
2026-06-03 21:30:31,141 [INFO] --- Epoch 12/100 (Learning Rate: 0.000250) ---
2026-06-03 21:30:31,699 [INFO] Train -> Loss: 1.3459 | Acc: 0.4713 | QWK: 0.5072
2026-06-03 21:30:31,699 [INFO] Val   -> Loss: 1.2490 | Acc: 0.4167 | QWK: 0.5380 | AUC-ROC: 0.8371
2026-06-03 21:30:31,720 [INFO] --- Epoch 13/100 (Learning Rate: 0.000250) ---
2026-06-03 21:30:32,281 [INFO] Train -> Loss: 1.3075 | Acc: 0.4824 | QWK: 0.5128
2026-06-03 21:30:32,281 [INFO] Val   -> Loss: 1.2315 | Acc: 0.4750 | QWK: 0.5694 | AUC-ROC: 0.8229
2026-06-03 21:30:32,301 [INFO] --- Epoch 14/100 (Learning Rate: 0.000125) ---
2026-06-03 21:30:32,843 [INFO] Train -> Loss: 1.3367 | Acc: 0.4852 | QWK: 0.5255
2026-06-03 21:30:32,843 [INFO] Val   -> Loss: 1.1914 | Acc: 0.5167 | QWK: 0.6307 | AUC-ROC: 0.8436
2026-06-03 21:30:32,897 [INFO] New best validation QWK: 0.6307! Model checkpoint saved.
2026-06-03 21:30:32,897 [INFO] --- Epoch 15/100 (Learning Rate: 0.000125) ---
2026-06-03 21:30:33,469 [INFO] Train -> Loss: 1.3061 | Acc: 0.5019 | QWK: 0.5517
2026-06-03 21:30:33,469 [INFO] Val   -> Loss: 1.1906 | Acc: 0.5167 | QWK: 0.6294 | AUC-ROC: 0.8427
2026-06-03 21:30:33,489 [INFO] --- Epoch 16/100 (Learning Rate: 0.000125) ---
2026-06-03 21:30:34,072 [INFO] Train -> Loss: 1.3057 | Acc: 0.4991 | QWK: 0.5508
2026-06-03 21:30:34,072 [INFO] Val   -> Loss: 1.1922 | Acc: 0.5167 | QWK: 0.6213 | AUC-ROC: 0.8332
2026-06-03 21:30:34,109 [INFO] --- Epoch 17/100 (Learning Rate: 0.000125) ---
2026-06-03 21:30:34,672 [INFO] Train -> Loss: 1.2919 | Acc: 0.4907 | QWK: 0.5358
2026-06-03 21:30:34,672 [INFO] Val   -> Loss: 1.1822 | Acc: 0.5333 | QWK: 0.6350 | AUC-ROC: 0.8387
2026-06-03 21:30:34,704 [INFO] New best validation QWK: 0.6350! Model checkpoint saved.
2026-06-03 21:30:34,704 [INFO] --- Epoch 18/100 (Learning Rate: 0.000125) ---
2026-06-03 21:30:35,277 [INFO] Train -> Loss: 1.2729 | Acc: 0.4880 | QWK: 0.5468
2026-06-03 21:30:35,277 [INFO] Val   -> Loss: 1.1835 | Acc: 0.5250 | QWK: 0.5893 | AUC-ROC: 0.8260
2026-06-03 21:30:35,300 [INFO] --- Epoch 19/100 (Learning Rate: 0.000125) ---
2026-06-03 21:30:35,865 [INFO] Train -> Loss: 1.2624 | Acc: 0.5139 | QWK: 0.5622
2026-06-03 21:30:35,866 [INFO] Val   -> Loss: 1.1973 | Acc: 0.5250 | QWK: 0.5955 | AUC-ROC: 0.8338
2026-06-03 21:30:35,901 [INFO] --- Epoch 20/100 (Learning Rate: 0.000125) ---
2026-06-03 21:30:36,488 [INFO] Train -> Loss: 1.2946 | Acc: 0.4972 | QWK: 0.5340
2026-06-03 21:30:36,488 [INFO] Val   -> Loss: 1.2040 | Acc: 0.5167 | QWK: 0.6148 | AUC-ROC: 0.8227
2026-06-03 21:30:36,512 [INFO] --- Epoch 21/100 (Learning Rate: 0.000125) ---
2026-06-03 21:30:37,072 [INFO] Train -> Loss: 1.2833 | Acc: 0.4935 | QWK: 0.5306
2026-06-03 21:30:37,072 [INFO] Val   -> Loss: 1.1716 | Acc: 0.5250 | QWK: 0.6285 | AUC-ROC: 0.8457
2026-06-03 21:30:37,097 [INFO] --- Epoch 22/100 (Learning Rate: 0.000125) ---
2026-06-03 21:30:37,667 [INFO] Train -> Loss: 1.2709 | Acc: 0.4917 | QWK: 0.5511
2026-06-03 21:30:37,667 [INFO] Val   -> Loss: 1.1806 | Acc: 0.5250 | QWK: 0.6276 | AUC-ROC: 0.8327
2026-06-03 21:30:37,689 [INFO] --- Epoch 23/100 (Learning Rate: 0.000125) ---
2026-06-03 21:30:38,329 [INFO] Train -> Loss: 1.2637 | Acc: 0.5148 | QWK: 0.5647
2026-06-03 21:30:38,329 [INFO] Val   -> Loss: 1.2006 | Acc: 0.5500 | QWK: 0.6304 | AUC-ROC: 0.8274
2026-06-03 21:30:38,351 [INFO] --- Epoch 24/100 (Learning Rate: 0.000063) ---
2026-06-03 21:30:38,928 [INFO] Train -> Loss: 1.2493 | Acc: 0.5241 | QWK: 0.5653
2026-06-03 21:30:38,928 [INFO] Val   -> Loss: 1.2106 | Acc: 0.5250 | QWK: 0.6209 | AUC-ROC: 0.8240
2026-06-03 21:30:38,948 [INFO] --- Epoch 25/100 (Learning Rate: 0.000063) ---
2026-06-03 21:30:39,527 [INFO] Train -> Loss: 1.2409 | Acc: 0.5287 | QWK: 0.5688
2026-06-03 21:30:39,527 [INFO] Val   -> Loss: 1.2010 | Acc: 0.5500 | QWK: 0.6609 | AUC-ROC: 0.8253
2026-06-03 21:30:39,564 [INFO] New best validation QWK: 0.6609! Model checkpoint saved.
2026-06-03 21:30:39,564 [INFO] --- Epoch 26/100 (Learning Rate: 0.000063) ---
2026-06-03 21:30:40,129 [INFO] Train -> Loss: 1.2422 | Acc: 0.5213 | QWK: 0.5849
2026-06-03 21:30:40,129 [INFO] Val   -> Loss: 1.1849 | Acc: 0.5667 | QWK: 0.6538 | AUC-ROC: 0.8309
2026-06-03 21:30:40,147 [INFO] --- Epoch 27/100 (Learning Rate: 0.000063) ---
2026-06-03 21:30:40,726 [INFO] Train -> Loss: 1.2251 | Acc: 0.5056 | QWK: 0.5617
2026-06-03 21:30:40,726 [INFO] Val   -> Loss: 1.2003 | Acc: 0.5167 | QWK: 0.6553 | AUC-ROC: 0.8212
2026-06-03 21:30:40,744 [INFO] --- Epoch 28/100 (Learning Rate: 0.000063) ---
2026-06-03 21:30:41,301 [INFO] Train -> Loss: 1.2269 | Acc: 0.5343 | QWK: 0.5820
2026-06-03 21:30:41,301 [INFO] Val   -> Loss: 1.2168 | Acc: 0.5750 | QWK: 0.6607 | AUC-ROC: 0.8155
2026-06-03 21:30:41,319 [INFO] --- Epoch 29/100 (Learning Rate: 0.000063) ---
2026-06-03 21:30:41,875 [INFO] Train -> Loss: 1.2257 | Acc: 0.5306 | QWK: 0.5875
2026-06-03 21:30:41,875 [INFO] Val   -> Loss: 1.2324 | Acc: 0.5167 | QWK: 0.6283 | AUC-ROC: 0.8176
2026-06-03 21:30:41,891 [INFO] --- Epoch 30/100 (Learning Rate: 0.000063) ---
2026-06-03 21:30:42,469 [INFO] Train -> Loss: 1.2426 | Acc: 0.5157 | QWK: 0.5463
2026-06-03 21:30:42,469 [INFO] Val   -> Loss: 1.2424 | Acc: 0.5250 | QWK: 0.6434 | AUC-ROC: 0.8099
2026-06-03 21:30:42,485 [INFO] --- Epoch 31/100 (Learning Rate: 0.000063) ---
2026-06-03 21:30:43,075 [INFO] Train -> Loss: 1.2127 | Acc: 0.5287 | QWK: 0.5837
2026-06-03 21:30:43,075 [INFO] Val   -> Loss: 1.2112 | Acc: 0.5333 | QWK: 0.6742 | AUC-ROC: 0.8127
2026-06-03 21:30:43,104 [INFO] New best validation QWK: 0.6742! Model checkpoint saved.
2026-06-03 21:30:43,104 [INFO] --- Epoch 32/100 (Learning Rate: 0.000063) ---
2026-06-03 21:30:43,697 [INFO] Train -> Loss: 1.2267 | Acc: 0.5259 | QWK: 0.5607
2026-06-03 21:30:43,697 [INFO] Val   -> Loss: 1.2046 | Acc: 0.4917 | QWK: 0.6159 | AUC-ROC: 0.8184
2026-06-03 21:30:43,715 [INFO] --- Epoch 33/100 (Learning Rate: 0.000063) ---
2026-06-03 21:30:44,274 [INFO] Train -> Loss: 1.2016 | Acc: 0.5231 | QWK: 0.5733
2026-06-03 21:30:44,274 [INFO] Val   -> Loss: 1.2647 | Acc: 0.5000 | QWK: 0.6095 | AUC-ROC: 0.8047
2026-06-03 21:30:44,290 [INFO] --- Epoch 34/100 (Learning Rate: 0.000063) ---
2026-06-03 21:30:44,873 [INFO] Train -> Loss: 1.2230 | Acc: 0.5287 | QWK: 0.5798
2026-06-03 21:30:44,873 [INFO] Val   -> Loss: 1.2278 | Acc: 0.5333 | QWK: 0.6459 | AUC-ROC: 0.8135
2026-06-03 21:30:44,888 [INFO] --- Epoch 35/100 (Learning Rate: 0.000063) ---
2026-06-03 21:30:45,452 [INFO] Train -> Loss: 1.1987 | Acc: 0.5417 | QWK: 0.5770
2026-06-03 21:30:45,452 [INFO] Val   -> Loss: 1.2307 | Acc: 0.5083 | QWK: 0.6304 | AUC-ROC: 0.8085
2026-06-03 21:30:45,468 [INFO] --- Epoch 36/100 (Learning Rate: 0.000063) ---
2026-06-03 21:30:46,019 [INFO] Train -> Loss: 1.1989 | Acc: 0.5278 | QWK: 0.5811
2026-06-03 21:30:46,019 [INFO] Val   -> Loss: 1.2859 | Acc: 0.5250 | QWK: 0.6294 | AUC-ROC: 0.7991
2026-06-03 21:30:46,034 [INFO] --- Epoch 37/100 (Learning Rate: 0.000063) ---
2026-06-03 21:30:46,581 [INFO] Train -> Loss: 1.1871 | Acc: 0.5361 | QWK: 0.5759
2026-06-03 21:30:46,581 [INFO] Val   -> Loss: 1.2534 | Acc: 0.5167 | QWK: 0.6171 | AUC-ROC: 0.8026
2026-06-03 21:30:46,595 [INFO] --- Epoch 38/100 (Learning Rate: 0.000031) ---
2026-06-03 21:30:47,162 [INFO] Train -> Loss: 1.1705 | Acc: 0.5296 | QWK: 0.6110
2026-06-03 21:30:47,162 [INFO] Val   -> Loss: 1.2657 | Acc: 0.5083 | QWK: 0.6208 | AUC-ROC: 0.8026
2026-06-03 21:30:47,180 [INFO] --- Epoch 39/100 (Learning Rate: 0.000031) ---
2026-06-03 21:30:47,754 [INFO] Train -> Loss: 1.1667 | Acc: 0.5454 | QWK: 0.5929
2026-06-03 21:30:47,754 [INFO] Val   -> Loss: 1.2489 | Acc: 0.5000 | QWK: 0.6179 | AUC-ROC: 0.8038
2026-06-03 21:30:47,768 [INFO] --- Epoch 40/100 (Learning Rate: 0.000031) ---
2026-06-03 21:30:48,337 [INFO] Train -> Loss: 1.1637 | Acc: 0.5648 | QWK: 0.6107
2026-06-03 21:30:48,337 [INFO] Val   -> Loss: 1.2424 | Acc: 0.5083 | QWK: 0.6169 | AUC-ROC: 0.8036
2026-06-03 21:30:48,355 [INFO] --- Epoch 41/100 (Learning Rate: 0.000031) ---
2026-06-03 21:30:48,910 [INFO] Train -> Loss: 1.1452 | Acc: 0.5546 | QWK: 0.5822
2026-06-03 21:30:48,910 [INFO] Val   -> Loss: 1.2773 | Acc: 0.5250 | QWK: 0.6456 | AUC-ROC: 0.7973
2026-06-03 21:30:48,956 [INFO] --- Epoch 42/100 (Learning Rate: 0.000031) ---
2026-06-03 21:30:49,523 [INFO] Train -> Loss: 1.1520 | Acc: 0.5444 | QWK: 0.5882
2026-06-03 21:30:49,523 [INFO] Val   -> Loss: 1.2794 | Acc: 0.5333 | QWK: 0.6243 | AUC-ROC: 0.7973
2026-06-03 21:30:49,550 [INFO] --- Epoch 43/100 (Learning Rate: 0.000031) ---
2026-06-03 21:30:50,112 [INFO] Train -> Loss: 1.1676 | Acc: 0.5306 | QWK: 0.5843
2026-06-03 21:30:50,113 [INFO] Val   -> Loss: 1.2596 | Acc: 0.4917 | QWK: 0.5873 | AUC-ROC: 0.7976
2026-06-03 21:30:50,141 [INFO] --- Epoch 44/100 (Learning Rate: 0.000016) ---
2026-06-03 21:30:50,761 [INFO] Train -> Loss: 1.1528 | Acc: 0.5472 | QWK: 0.5995
2026-06-03 21:30:50,761 [INFO] Val   -> Loss: 1.2746 | Acc: 0.5250 | QWK: 0.5954 | AUC-ROC: 0.8002
2026-06-03 21:30:50,790 [INFO] --- Epoch 45/100 (Learning Rate: 0.000016) ---
2026-06-03 21:30:51,350 [INFO] Train -> Loss: 1.1569 | Acc: 0.5444 | QWK: 0.5878
2026-06-03 21:30:51,350 [INFO] Val   -> Loss: 1.2654 | Acc: 0.5167 | QWK: 0.6166 | AUC-ROC: 0.7988
2026-06-03 21:30:51,373 [INFO] --- Epoch 46/100 (Learning Rate: 0.000016) ---
2026-06-03 21:30:51,933 [INFO] Train -> Loss: 1.1689 | Acc: 0.5491 | QWK: 0.5849
2026-06-03 21:30:51,934 [INFO] Val   -> Loss: 1.2750 | Acc: 0.5000 | QWK: 0.6007 | AUC-ROC: 0.7923
2026-06-03 21:30:51,954 [INFO] --- Epoch 47/100 (Learning Rate: 0.000016) ---
2026-06-03 21:30:52,501 [INFO] Train -> Loss: 1.1425 | Acc: 0.5463 | QWK: 0.5940
2026-06-03 21:30:52,501 [INFO] Val   -> Loss: 1.2996 | Acc: 0.5250 | QWK: 0.6047 | AUC-ROC: 0.7915
2026-06-03 21:30:52,522 [INFO] --- Epoch 48/100 (Learning Rate: 0.000016) ---
2026-06-03 21:30:53,062 [INFO] Train -> Loss: 1.1222 | Acc: 0.5722 | QWK: 0.6230
2026-06-03 21:30:53,062 [INFO] Val   -> Loss: 1.3022 | Acc: 0.5167 | QWK: 0.6144 | AUC-ROC: 0.7884
2026-06-03 21:30:53,080 [INFO] --- Epoch 49/100 (Learning Rate: 0.000016) ---
2026-06-03 21:30:53,626 [INFO] Train -> Loss: 1.1213 | Acc: 0.5667 | QWK: 0.6014
2026-06-03 21:30:53,626 [INFO] Val   -> Loss: 1.3169 | Acc: 0.5167 | QWK: 0.6215 | AUC-ROC: 0.7883
2026-06-03 21:30:53,664 [INFO] --- Epoch 50/100 (Learning Rate: 0.000008) ---
2026-06-03 21:30:54,221 [INFO] Train -> Loss: 1.1333 | Acc: 0.5620 | QWK: 0.6002
2026-06-03 21:30:54,221 [INFO] Val   -> Loss: 1.3083 | Acc: 0.5167 | QWK: 0.6083 | AUC-ROC: 0.7929
2026-06-03 21:30:54,241 [INFO] --- Epoch 51/100 (Learning Rate: 0.000008) ---
2026-06-03 21:30:54,785 [INFO] Train -> Loss: 1.1344 | Acc: 0.5556 | QWK: 0.5956
2026-06-03 21:30:54,785 [INFO] Val   -> Loss: 1.3000 | Acc: 0.5167 | QWK: 0.6218 | AUC-ROC: 0.7908
2026-06-03 21:30:54,802 [INFO] --- Epoch 52/100 (Learning Rate: 0.000008) ---
2026-06-03 21:30:55,349 [INFO] Train -> Loss: 1.1380 | Acc: 0.5537 | QWK: 0.6176
2026-06-03 21:30:55,349 [INFO] Val   -> Loss: 1.3000 | Acc: 0.5167 | QWK: 0.6224 | AUC-ROC: 0.7915
2026-06-03 21:30:55,367 [INFO] --- Epoch 53/100 (Learning Rate: 0.000008) ---
2026-06-03 21:30:55,905 [INFO] Train -> Loss: 1.1243 | Acc: 0.5602 | QWK: 0.6114
2026-06-03 21:30:55,905 [INFO] Val   -> Loss: 1.2970 | Acc: 0.5250 | QWK: 0.6238 | AUC-ROC: 0.7898
2026-06-03 21:30:55,921 [INFO] --- Epoch 54/100 (Learning Rate: 0.000008) ---
2026-06-03 21:30:56,497 [INFO] Train -> Loss: 1.1217 | Acc: 0.5583 | QWK: 0.6097
2026-06-03 21:30:56,497 [INFO] Val   -> Loss: 1.3015 | Acc: 0.5167 | QWK: 0.6388 | AUC-ROC: 0.7900
2026-06-03 21:30:56,513 [INFO] --- Epoch 55/100 (Learning Rate: 0.000008) ---
2026-06-03 21:30:57,077 [INFO] Train -> Loss: 1.1137 | Acc: 0.5519 | QWK: 0.6197
2026-06-03 21:30:57,077 [INFO] Val   -> Loss: 1.3013 | Acc: 0.5083 | QWK: 0.6058 | AUC-ROC: 0.7939
2026-06-03 21:30:57,105 [INFO] --- Epoch 56/100 (Learning Rate: 0.000004) ---
2026-06-03 21:30:57,701 [INFO] Train -> Loss: 1.1303 | Acc: 0.5676 | QWK: 0.6032
2026-06-03 21:30:57,701 [INFO] Val   -> Loss: 1.3048 | Acc: 0.5083 | QWK: 0.5937 | AUC-ROC: 0.7919
2026-06-03 21:30:57,721 [INFO] --- Epoch 57/100 (Learning Rate: 0.000004) ---
2026-06-03 21:30:58,327 [INFO] Train -> Loss: 1.1141 | Acc: 0.5722 | QWK: 0.5990
2026-06-03 21:30:58,328 [INFO] Val   -> Loss: 1.2998 | Acc: 0.5083 | QWK: 0.6256 | AUC-ROC: 0.7894
2026-06-03 21:30:58,352 [INFO] --- Epoch 58/100 (Learning Rate: 0.000004) ---
2026-06-03 21:30:59,199 [INFO] Train -> Loss: 1.1282 | Acc: 0.5704 | QWK: 0.6340
2026-06-03 21:30:59,200 [INFO] Val   -> Loss: 1.3030 | Acc: 0.5083 | QWK: 0.6385 | AUC-ROC: 0.7873
2026-06-03 21:30:59,235 [INFO] --- Epoch 59/100 (Learning Rate: 0.000004) ---
2026-06-03 21:31:00,099 [INFO] Train -> Loss: 1.1197 | Acc: 0.5833 | QWK: 0.6278
2026-06-03 21:31:00,099 [INFO] Val   -> Loss: 1.3012 | Acc: 0.5000 | QWK: 0.5900 | AUC-ROC: 0.7910
2026-06-03 21:31:00,124 [INFO] --- Epoch 60/100 (Learning Rate: 0.000004) ---
2026-06-03 21:31:00,814 [INFO] Train -> Loss: 1.1196 | Acc: 0.5611 | QWK: 0.6284
2026-06-03 21:31:00,814 [INFO] Val   -> Loss: 1.3048 | Acc: 0.5167 | QWK: 0.6245 | AUC-ROC: 0.7898
2026-06-03 21:31:00,844 [INFO] --- Epoch 61/100 (Learning Rate: 0.000004) ---
2026-06-03 21:31:01,697 [INFO] Train -> Loss: 1.1093 | Acc: 0.5731 | QWK: 0.6225
2026-06-03 21:31:01,697 [INFO] Val   -> Loss: 1.3054 | Acc: 0.5167 | QWK: 0.6270 | AUC-ROC: 0.7871
2026-06-03 21:31:01,720 [INFO] --- Epoch 62/100 (Learning Rate: 0.000002) ---
2026-06-03 21:31:02,328 [INFO] Train -> Loss: 1.0995 | Acc: 0.5824 | QWK: 0.6201
2026-06-03 21:31:02,328 [INFO] Val   -> Loss: 1.3009 | Acc: 0.5250 | QWK: 0.6162 | AUC-ROC: 0.7903
2026-06-03 21:31:02,351 [INFO] --- Epoch 63/100 (Learning Rate: 0.000002) ---
2026-06-03 21:31:02,995 [INFO] Train -> Loss: 1.1141 | Acc: 0.5713 | QWK: 0.6241
2026-06-03 21:31:02,995 [INFO] Val   -> Loss: 1.3017 | Acc: 0.5333 | QWK: 0.6261 | AUC-ROC: 0.7887
2026-06-03 21:31:03,014 [INFO] --- Epoch 64/100 (Learning Rate: 0.000002) ---
2026-06-03 21:31:03,628 [INFO] Train -> Loss: 1.1313 | Acc: 0.5593 | QWK: 0.6092
2026-06-03 21:31:03,628 [INFO] Val   -> Loss: 1.3092 | Acc: 0.5250 | QWK: 0.6247 | AUC-ROC: 0.7880
2026-06-03 21:31:03,657 [INFO] --- Epoch 65/100 (Learning Rate: 0.000002) ---
2026-06-03 21:31:04,327 [INFO] Train -> Loss: 1.1242 | Acc: 0.5537 | QWK: 0.5990
2026-06-03 21:31:04,327 [INFO] Val   -> Loss: 1.3100 | Acc: 0.5167 | QWK: 0.6338 | AUC-ROC: 0.7863
2026-06-03 21:31:04,351 [INFO] --- Epoch 66/100 (Learning Rate: 0.000002) ---
2026-06-03 21:31:05,246 [INFO] Train -> Loss: 1.0857 | Acc: 0.5769 | QWK: 0.6286
2026-06-03 21:31:05,246 [INFO] Val   -> Loss: 1.3110 | Acc: 0.5083 | QWK: 0.5993 | AUC-ROC: 0.7890
2026-06-03 21:31:05,272 [INFO] --- Epoch 67/100 (Learning Rate: 0.000002) ---
2026-06-03 21:31:05,942 [INFO] Train -> Loss: 1.1139 | Acc: 0.5722 | QWK: 0.6202
2026-06-03 21:31:05,942 [INFO] Val   -> Loss: 1.3064 | Acc: 0.5167 | QWK: 0.6040 | AUC-ROC: 0.7889
2026-06-03 21:31:05,971 [INFO] --- Epoch 68/100 (Learning Rate: 0.000001) ---
2026-06-03 21:31:06,562 [INFO] Train -> Loss: 1.0980 | Acc: 0.5630 | QWK: 0.6178
2026-06-03 21:31:06,562 [INFO] Val   -> Loss: 1.3065 | Acc: 0.5083 | QWK: 0.5993 | AUC-ROC: 0.7879
2026-06-03 21:31:06,584 [INFO] --- Epoch 69/100 (Learning Rate: 0.000001) ---
2026-06-03 21:31:07,185 [INFO] Train -> Loss: 1.1089 | Acc: 0.5685 | QWK: 0.6240
2026-06-03 21:31:07,186 [INFO] Val   -> Loss: 1.3087 | Acc: 0.5250 | QWK: 0.6169 | AUC-ROC: 0.7896
2026-06-03 21:31:07,209 [INFO] --- Epoch 70/100 (Learning Rate: 0.000001) ---
2026-06-03 21:31:07,967 [INFO] Train -> Loss: 1.0990 | Acc: 0.5611 | QWK: 0.6137
2026-06-03 21:31:07,967 [INFO] Val   -> Loss: 1.3047 | Acc: 0.5333 | QWK: 0.6417 | AUC-ROC: 0.7889
2026-06-03 21:31:07,993 [INFO] --- Epoch 71/100 (Learning Rate: 0.000001) ---
2026-06-03 21:31:08,636 [INFO] Train -> Loss: 1.0909 | Acc: 0.5769 | QWK: 0.6360
2026-06-03 21:31:08,636 [INFO] Val   -> Loss: 1.3088 | Acc: 0.5000 | QWK: 0.6011 | AUC-ROC: 0.7872
2026-06-03 21:31:08,658 [INFO] --- Epoch 72/100 (Learning Rate: 0.000001) ---
2026-06-03 21:31:09,274 [INFO] Train -> Loss: 1.1074 | Acc: 0.5741 | QWK: 0.6259
2026-06-03 21:31:09,274 [INFO] Val   -> Loss: 1.3116 | Acc: 0.5167 | QWK: 0.5983 | AUC-ROC: 0.7869
2026-06-03 21:31:09,292 [INFO] --- Epoch 73/100 (Learning Rate: 0.000001) ---
2026-06-03 21:31:09,927 [INFO] Train -> Loss: 1.1319 | Acc: 0.5639 | QWK: 0.6247
2026-06-03 21:31:09,927 [INFO] Val   -> Loss: 1.3038 | Acc: 0.5083 | QWK: 0.6303 | AUC-ROC: 0.7876
2026-06-03 21:31:09,951 [INFO] --- Epoch 74/100 (Learning Rate: 0.000000) ---
2026-06-03 21:31:10,642 [INFO] Train -> Loss: 1.1166 | Acc: 0.5574 | QWK: 0.6143
2026-06-03 21:31:10,642 [INFO] Val   -> Loss: 1.3061 | Acc: 0.5083 | QWK: 0.5936 | AUC-ROC: 0.7890
2026-06-03 21:31:10,667 [INFO] --- Epoch 75/100 (Learning Rate: 0.000000) ---
2026-06-03 21:31:11,287 [INFO] Train -> Loss: 1.1026 | Acc: 0.5778 | QWK: 0.6294
2026-06-03 21:31:11,287 [INFO] Val   -> Loss: 1.3066 | Acc: 0.5250 | QWK: 0.5955 | AUC-ROC: 0.7896
2026-06-03 21:31:11,306 [INFO] --- Epoch 76/100 (Learning Rate: 0.000000) ---
2026-06-03 21:31:11,893 [INFO] Train -> Loss: 1.1093 | Acc: 0.5620 | QWK: 0.6156
2026-06-03 21:31:11,893 [INFO] Val   -> Loss: 1.3158 | Acc: 0.5083 | QWK: 0.5936 | AUC-ROC: 0.7880
2026-06-03 21:31:11,910 [INFO] --- Epoch 77/100 (Learning Rate: 0.000000) ---
2026-06-03 21:31:12,480 [INFO] Train -> Loss: 1.1080 | Acc: 0.5648 | QWK: 0.6209
2026-06-03 21:31:12,480 [INFO] Val   -> Loss: 1.3057 | Acc: 0.5333 | QWK: 0.6292 | AUC-ROC: 0.7867
2026-06-03 21:31:12,497 [INFO] --- Epoch 78/100 (Learning Rate: 0.000000) ---
2026-06-03 21:31:13,070 [INFO] Train -> Loss: 1.1228 | Acc: 0.5620 | QWK: 0.6111
2026-06-03 21:31:13,070 [INFO] Val   -> Loss: 1.3094 | Acc: 0.5333 | QWK: 0.6164 | AUC-ROC: 0.7871
2026-06-03 21:31:13,085 [INFO] --- Epoch 79/100 (Learning Rate: 0.000000) ---
2026-06-03 21:31:13,656 [INFO] Train -> Loss: 1.1176 | Acc: 0.5769 | QWK: 0.6154
2026-06-03 21:31:13,656 [INFO] Val   -> Loss: 1.3111 | Acc: 0.5167 | QWK: 0.6020 | AUC-ROC: 0.7871
2026-06-03 21:31:13,671 [INFO] --- Epoch 80/100 (Learning Rate: 0.000000) ---
2026-06-03 21:31:14,265 [INFO] Train -> Loss: 1.1139 | Acc: 0.5667 | QWK: 0.6236
2026-06-03 21:31:14,265 [INFO] Val   -> Loss: 1.3097 | Acc: 0.5250 | QWK: 0.6281 | AUC-ROC: 0.7860
2026-06-03 21:31:14,281 [INFO] --- Epoch 81/100 (Learning Rate: 0.000000) ---
2026-06-03 21:31:14,834 [INFO] Train -> Loss: 1.1027 | Acc: 0.5685 | QWK: 0.6138
2026-06-03 21:31:14,835 [INFO] Val   -> Loss: 1.3125 | Acc: 0.5167 | QWK: 0.6197 | AUC-ROC: 0.7850
2026-06-03 21:31:14,850 [INFO] --- Epoch 82/100 (Learning Rate: 0.000000) ---
2026-06-03 21:31:15,374 [INFO] Train -> Loss: 1.1162 | Acc: 0.5639 | QWK: 0.6121
2026-06-03 21:31:15,374 [INFO] Val   -> Loss: 1.3082 | Acc: 0.5250 | QWK: 0.6281 | AUC-ROC: 0.7868
2026-06-03 21:31:15,388 [INFO] --- Epoch 83/100 (Learning Rate: 0.000000) ---
2026-06-03 21:31:15,979 [INFO] Train -> Loss: 1.0967 | Acc: 0.5667 | QWK: 0.6199
2026-06-03 21:31:15,979 [INFO] Val   -> Loss: 1.3146 | Acc: 0.5000 | QWK: 0.5964 | AUC-ROC: 0.7856
2026-06-03 21:31:16,001 [INFO] --- Epoch 84/100 (Learning Rate: 0.000000) ---
2026-06-03 21:31:16,658 [INFO] Train -> Loss: 1.0995 | Acc: 0.5611 | QWK: 0.6195
2026-06-03 21:31:16,658 [INFO] Val   -> Loss: 1.3090 | Acc: 0.5167 | QWK: 0.5918 | AUC-ROC: 0.7887
2026-06-03 21:31:16,678 [INFO] --- Epoch 85/100 (Learning Rate: 0.000000) ---
2026-06-03 21:31:17,264 [INFO] Train -> Loss: 1.1063 | Acc: 0.5657 | QWK: 0.6281
2026-06-03 21:31:17,265 [INFO] Val   -> Loss: 1.3169 | Acc: 0.5083 | QWK: 0.6077 | AUC-ROC: 0.7859
2026-06-03 21:31:17,281 [INFO] --- Epoch 86/100 (Learning Rate: 0.000000) ---
2026-06-03 21:31:17,868 [INFO] Train -> Loss: 1.1291 | Acc: 0.5528 | QWK: 0.5956
2026-06-03 21:31:17,868 [INFO] Val   -> Loss: 1.3132 | Acc: 0.5250 | QWK: 0.6315 | AUC-ROC: 0.7865
2026-06-03 21:31:17,882 [INFO] --- Epoch 87/100 (Learning Rate: 0.000000) ---
2026-06-03 21:31:18,457 [INFO] Train -> Loss: 1.1154 | Acc: 0.5778 | QWK: 0.6355
2026-06-03 21:31:18,457 [INFO] Val   -> Loss: 1.3113 | Acc: 0.4917 | QWK: 0.5973 | AUC-ROC: 0.7869
2026-06-03 21:31:18,472 [INFO] --- Epoch 88/100 (Learning Rate: 0.000000) ---
2026-06-03 21:31:19,068 [INFO] Train -> Loss: 1.1304 | Acc: 0.5593 | QWK: 0.5940
2026-06-03 21:31:19,068 [INFO] Val   -> Loss: 1.3035 | Acc: 0.5333 | QWK: 0.6200 | AUC-ROC: 0.7901
2026-06-03 21:31:19,083 [INFO] --- Epoch 89/100 (Learning Rate: 0.000000) ---
2026-06-03 21:31:19,648 [INFO] Train -> Loss: 1.1093 | Acc: 0.5722 | QWK: 0.6244
2026-06-03 21:31:19,648 [INFO] Val   -> Loss: 1.3137 | Acc: 0.5250 | QWK: 0.6161 | AUC-ROC: 0.7886
2026-06-03 21:31:19,664 [INFO] --- Epoch 90/100 (Learning Rate: 0.000000) ---
2026-06-03 21:31:20,215 [INFO] Train -> Loss: 1.0904 | Acc: 0.5722 | QWK: 0.6102
2026-06-03 21:31:20,215 [INFO] Val   -> Loss: 1.3043 | Acc: 0.5167 | QWK: 0.6040 | AUC-ROC: 0.7889
2026-06-03 21:31:20,231 [INFO] --- Epoch 91/100 (Learning Rate: 0.000000) ---
2026-06-03 21:31:20,795 [INFO] Train -> Loss: 1.1084 | Acc: 0.5657 | QWK: 0.6051
2026-06-03 21:31:20,795 [INFO] Val   -> Loss: 1.3108 | Acc: 0.5083 | QWK: 0.6002 | AUC-ROC: 0.7875
2026-06-03 21:31:20,815 [INFO] --- Epoch 92/100 (Learning Rate: 0.000000) ---
2026-06-03 21:31:21,438 [INFO] Train -> Loss: 1.1158 | Acc: 0.5620 | QWK: 0.6069
2026-06-03 21:31:21,438 [INFO] Val   -> Loss: 1.3084 | Acc: 0.5083 | QWK: 0.6113 | AUC-ROC: 0.7860
2026-06-03 21:31:21,453 [INFO] --- Epoch 93/100 (Learning Rate: 0.000000) ---
2026-06-03 21:31:22,026 [INFO] Train -> Loss: 1.1191 | Acc: 0.5611 | QWK: 0.6243
2026-06-03 21:31:22,027 [INFO] Val   -> Loss: 1.3104 | Acc: 0.5167 | QWK: 0.6096 | AUC-ROC: 0.7874
2026-06-03 21:31:22,044 [INFO] --- Epoch 94/100 (Learning Rate: 0.000000) ---
2026-06-03 21:31:22,597 [INFO] Train -> Loss: 1.1308 | Acc: 0.5593 | QWK: 0.6237
2026-06-03 21:31:22,597 [INFO] Val   -> Loss: 1.3156 | Acc: 0.5250 | QWK: 0.6315 | AUC-ROC: 0.7864
2026-06-03 21:31:22,621 [INFO] --- Epoch 95/100 (Learning Rate: 0.000000) ---
2026-06-03 21:31:23,256 [INFO] Train -> Loss: 1.1096 | Acc: 0.5528 | QWK: 0.6047
2026-06-03 21:31:23,256 [INFO] Val   -> Loss: 1.3118 | Acc: 0.5250 | QWK: 0.6040 | AUC-ROC: 0.7893
2026-06-03 21:31:23,283 [INFO] --- Epoch 96/100 (Learning Rate: 0.000000) ---
2026-06-03 21:31:23,892 [INFO] Train -> Loss: 1.1119 | Acc: 0.5630 | QWK: 0.6038
2026-06-03 21:31:23,892 [INFO] Val   -> Loss: 1.3136 | Acc: 0.5083 | QWK: 0.6077 | AUC-ROC: 0.7878
2026-06-03 21:31:23,923 [INFO] --- Epoch 97/100 (Learning Rate: 0.000000) ---
2026-06-03 21:31:24,461 [INFO] Train -> Loss: 1.1046 | Acc: 0.5620 | QWK: 0.6228
2026-06-03 21:31:24,461 [INFO] Val   -> Loss: 1.3173 | Acc: 0.5250 | QWK: 0.6166 | AUC-ROC: 0.7857
2026-06-03 21:31:24,482 [INFO] --- Epoch 98/100 (Learning Rate: 0.000000) ---
2026-06-03 21:31:25,014 [INFO] Train -> Loss: 1.1315 | Acc: 0.5593 | QWK: 0.6175
2026-06-03 21:31:25,014 [INFO] Val   -> Loss: 1.3156 | Acc: 0.5000 | QWK: 0.5955 | AUC-ROC: 0.7878
2026-06-03 21:31:25,035 [INFO] --- Epoch 99/100 (Learning Rate: 0.000000) ---
2026-06-03 21:31:25,558 [INFO] Train -> Loss: 1.1244 | Acc: 0.5704 | QWK: 0.6240
2026-06-03 21:31:25,559 [INFO] Val   -> Loss: 1.3143 | Acc: 0.4833 | QWK: 0.5898 | AUC-ROC: 0.7858
2026-06-03 21:31:25,592 [INFO] --- Epoch 100/100 (Learning Rate: 0.000000) ---
2026-06-03 21:31:26,106 [INFO] Train -> Loss: 1.1159 | Acc: 0.5648 | QWK: 0.6014
2026-06-03 21:31:26,106 [INFO] Val   -> Loss: 1.3156 | Acc: 0.5167 | QWK: 0.6240 | AUC-ROC: 0.7868
2026-06-03 21:31:26,130 [INFO] Training complete. Saving curves...
2026-06-03 21:31:26,306 [INFO] Done! Results and checkpoints saved under: ./outputs/cnn
