2026-06-03 21:10:02,723 [INFO] Loaded config from: configs/baseline_linear.yaml
2026-06-03 21:10:02,723 [INFO] Running experiments. Logs and output weights saved in: ./outputs/linear
2026-06-03 21:10:02,723 [INFO] Using Apple Silicon (MPS) acceleration.
2026-06-03 21:10:02,765 [INFO] RetinaMNIST Dataloaders loaded. Dynamic class weights computed: [0.4444444477558136, 1.6875, 1.0485436916351318, 1.113402009010315, 3.2727272510528564]
2026-06-03 21:10:02,824 [INFO] Model LINEAR initialized and moved to mps.
2026-06-03 21:10:02,974 [INFO] --- Epoch 1/30 ---
2026-06-03 21:10:34,473 [INFO] Train -> Loss: 1.6636 | Acc: 0.3370 | QWK: 0.3297
2026-06-03 21:10:34,474 [INFO] Val   -> Loss: 1.4424 | Acc: 0.4833 | QWK: 0.6151 | AUC-ROC: 0.7440
2026-06-03 21:10:34,484 [INFO] New best validation QWK: 0.6151! Model checkpoint saved.
2026-06-03 21:10:34,485 [INFO] --- Epoch 2/30 ---
2026-06-03 21:11:02,883 [INFO] Train -> Loss: 1.5312 | Acc: 0.4120 | QWK: 0.4492
2026-06-03 21:11:02,884 [INFO] Val   -> Loss: 1.5247 | Acc: 0.2750 | QWK: 0.3210 | AUC-ROC: 0.7040
2026-06-03 21:11:02,888 [INFO] --- Epoch 3/30 ---
2026-06-03 21:11:32,136 [INFO] Train -> Loss: 1.5880 | Acc: 0.4130 | QWK: 0.3742
2026-06-03 21:11:32,139 [INFO] Val   -> Loss: 1.4563 | Acc: 0.5250 | QWK: 0.4742 | AUC-ROC: 0.7609
2026-06-03 21:11:32,145 [INFO] --- Epoch 4/30 ---
2026-06-03 21:12:00,074 [INFO] Train -> Loss: 1.5322 | Acc: 0.4528 | QWK: 0.4772
2026-06-03 21:12:00,074 [INFO] Val   -> Loss: 1.4012 | Acc: 0.4167 | QWK: 0.5633 | AUC-ROC: 0.7371
2026-06-03 21:12:00,081 [INFO] --- Epoch 5/30 ---
2026-06-03 21:12:28,396 [INFO] Train -> Loss: 1.4868 | Acc: 0.4417 | QWK: 0.4409
2026-06-03 21:12:28,396 [INFO] Val   -> Loss: 1.3402 | Acc: 0.4833 | QWK: 0.5501 | AUC-ROC: 0.7693
2026-06-03 21:12:28,405 [INFO] --- Epoch 6/30 ---
2026-06-03 21:12:56,971 [INFO] Train -> Loss: 1.4657 | Acc: 0.4417 | QWK: 0.4922
2026-06-03 21:12:56,972 [INFO] Val   -> Loss: 1.3900 | Acc: 0.5333 | QWK: 0.5819 | AUC-ROC: 0.7575
2026-06-03 21:12:56,981 [INFO] --- Epoch 7/30 ---
2026-06-03 21:13:25,153 [INFO] Train -> Loss: 1.4898 | Acc: 0.4509 | QWK: 0.4620
2026-06-03 21:13:25,154 [INFO] Val   -> Loss: 1.5952 | Acc: 0.5417 | QWK: 0.6225 | AUC-ROC: 0.7648
2026-06-03 21:13:25,168 [INFO] New best validation QWK: 0.6225! Model checkpoint saved.
2026-06-03 21:13:25,168 [INFO] --- Epoch 8/30 ---
2026-06-03 21:13:53,449 [INFO] Train -> Loss: 1.4981 | Acc: 0.4620 | QWK: 0.4695
2026-06-03 21:13:53,450 [INFO] Val   -> Loss: 1.3475 | Acc: 0.4083 | QWK: 0.5135 | AUC-ROC: 0.7592
2026-06-03 21:13:53,458 [INFO] --- Epoch 9/30 ---
2026-06-03 21:14:21,607 [INFO] Train -> Loss: 1.4443 | Acc: 0.4630 | QWK: 0.4918
2026-06-03 21:14:21,607 [INFO] Val   -> Loss: 1.4238 | Acc: 0.4250 | QWK: 0.5466 | AUC-ROC: 0.7621
2026-06-03 21:14:21,615 [INFO] --- Epoch 10/30 ---
2026-06-03 21:14:51,920 [INFO] Train -> Loss: 1.5154 | Acc: 0.4519 | QWK: 0.4695
2026-06-03 21:14:51,920 [INFO] Val   -> Loss: 1.5182 | Acc: 0.5083 | QWK: 0.5860 | AUC-ROC: 0.7674
2026-06-03 21:14:51,926 [INFO] --- Epoch 11/30 ---
2026-06-03 21:15:21,372 [INFO] Train -> Loss: 1.4933 | Acc: 0.4491 | QWK: 0.5070
2026-06-03 21:15:21,372 [INFO] Val   -> Loss: 1.4959 | Acc: 0.4500 | QWK: 0.6142 | AUC-ROC: 0.7635
2026-06-03 21:15:21,378 [INFO] --- Epoch 12/30 ---
2026-06-03 21:15:49,436 [INFO] Train -> Loss: 1.4331 | Acc: 0.4741 | QWK: 0.4825
2026-06-03 21:15:49,437 [INFO] Val   -> Loss: 1.3787 | Acc: 0.5000 | QWK: 0.5108 | AUC-ROC: 0.7754
2026-06-03 21:15:49,445 [INFO] --- Epoch 13/30 ---
2026-06-03 21:16:17,022 [INFO] Train -> Loss: 1.4611 | Acc: 0.4741 | QWK: 0.4973
2026-06-03 21:16:17,023 [INFO] Val   -> Loss: 1.4518 | Acc: 0.5000 | QWK: 0.6442 | AUC-ROC: 0.7598
2026-06-03 21:16:17,034 [INFO] New best validation QWK: 0.6442! Model checkpoint saved.
2026-06-03 21:16:17,034 [INFO] --- Epoch 14/30 ---
2026-06-03 21:16:44,360 [INFO] Train -> Loss: 1.4148 | Acc: 0.4759 | QWK: 0.4918
2026-06-03 21:16:44,361 [INFO] Val   -> Loss: 1.3575 | Acc: 0.4417 | QWK: 0.6348 | AUC-ROC: 0.7610
2026-06-03 21:16:44,368 [INFO] --- Epoch 15/30 ---
2026-06-03 21:17:11,661 [INFO] Train -> Loss: 1.4467 | Acc: 0.4741 | QWK: 0.5022
2026-06-03 21:17:11,661 [INFO] Val   -> Loss: 1.4473 | Acc: 0.4500 | QWK: 0.6253 | AUC-ROC: 0.7342
2026-06-03 21:17:11,668 [INFO] --- Epoch 16/30 ---
2026-06-03 21:17:39,349 [INFO] Train -> Loss: 1.4257 | Acc: 0.4769 | QWK: 0.5212
2026-06-03 21:17:39,349 [INFO] Val   -> Loss: 1.4884 | Acc: 0.4333 | QWK: 0.5191 | AUC-ROC: 0.7456
2026-06-03 21:17:39,357 [INFO] --- Epoch 17/30 ---
2026-06-03 21:18:06,706 [INFO] Train -> Loss: 1.4482 | Acc: 0.4444 | QWK: 0.4720
2026-06-03 21:18:06,706 [INFO] Val   -> Loss: 1.3769 | Acc: 0.5583 | QWK: 0.6812 | AUC-ROC: 0.7631
2026-06-03 21:18:06,716 [INFO] New best validation QWK: 0.6812! Model checkpoint saved.
2026-06-03 21:18:06,717 [INFO] --- Epoch 18/30 ---
2026-06-03 21:18:35,673 [INFO] Train -> Loss: 1.4680 | Acc: 0.4528 | QWK: 0.4875
2026-06-03 21:18:35,674 [INFO] Val   -> Loss: 1.3943 | Acc: 0.5000 | QWK: 0.6371 | AUC-ROC: 0.7450
2026-06-03 21:18:35,683 [INFO] --- Epoch 19/30 ---
2026-06-03 21:19:03,231 [INFO] Train -> Loss: 1.4641 | Acc: 0.4417 | QWK: 0.4894
2026-06-03 21:19:03,232 [INFO] Val   -> Loss: 1.4253 | Acc: 0.4000 | QWK: 0.5500 | AUC-ROC: 0.7502
2026-06-03 21:19:03,238 [INFO] --- Epoch 20/30 ---
2026-06-03 21:19:31,468 [INFO] Train -> Loss: 1.4907 | Acc: 0.4519 | QWK: 0.4882
2026-06-03 21:19:31,469 [INFO] Val   -> Loss: 1.4245 | Acc: 0.4417 | QWK: 0.6068 | AUC-ROC: 0.7635
2026-06-03 21:19:31,476 [INFO] --- Epoch 21/30 ---
2026-06-03 21:19:58,804 [INFO] Train -> Loss: 1.4209 | Acc: 0.4750 | QWK: 0.5026
2026-06-03 21:19:58,804 [INFO] Val   -> Loss: 1.4256 | Acc: 0.4667 | QWK: 0.5700 | AUC-ROC: 0.7639
2026-06-03 21:19:58,813 [INFO] --- Epoch 22/30 ---
2026-06-03 21:20:26,497 [INFO] Train -> Loss: 1.4704 | Acc: 0.4667 | QWK: 0.5167
2026-06-03 21:20:26,498 [INFO] Val   -> Loss: 1.3505 | Acc: 0.5167 | QWK: 0.6150 | AUC-ROC: 0.7693
2026-06-03 21:20:26,505 [INFO] --- Epoch 23/30 ---
2026-06-03 21:20:54,675 [INFO] Train -> Loss: 1.4509 | Acc: 0.4657 | QWK: 0.4853
2026-06-03 21:20:54,675 [INFO] Val   -> Loss: 1.4098 | Acc: 0.4583 | QWK: 0.6141 | AUC-ROC: 0.7566
2026-06-03 21:20:54,679 [INFO] --- Epoch 24/30 ---
2026-06-03 21:21:23,119 [INFO] Train -> Loss: 1.4509 | Acc: 0.4630 | QWK: 0.4938
2026-06-03 21:21:23,119 [INFO] Val   -> Loss: 1.4266 | Acc: 0.4583 | QWK: 0.6353 | AUC-ROC: 0.7404
2026-06-03 21:21:23,125 [INFO] --- Epoch 25/30 ---
2026-06-03 21:21:50,792 [INFO] Train -> Loss: 1.4745 | Acc: 0.4407 | QWK: 0.4367
2026-06-03 21:21:50,792 [INFO] Val   -> Loss: 1.4957 | Acc: 0.5500 | QWK: 0.6729 | AUC-ROC: 0.7618
2026-06-03 21:21:50,799 [INFO] --- Epoch 26/30 ---
2026-06-03 21:22:18,956 [INFO] Train -> Loss: 1.4534 | Acc: 0.4639 | QWK: 0.4922
2026-06-03 21:22:18,957 [INFO] Val   -> Loss: 1.4956 | Acc: 0.5167 | QWK: 0.5971 | AUC-ROC: 0.7410
2026-06-03 21:22:18,963 [INFO] --- Epoch 27/30 ---
2026-06-03 21:22:46,911 [INFO] Train -> Loss: 1.4230 | Acc: 0.4630 | QWK: 0.5061
2026-06-03 21:22:46,911 [INFO] Val   -> Loss: 1.3304 | Acc: 0.5083 | QWK: 0.6364 | AUC-ROC: 0.7625
2026-06-03 21:22:46,920 [INFO] --- Epoch 28/30 ---
2026-06-03 21:23:14,870 [INFO] Train -> Loss: 1.4816 | Acc: 0.4509 | QWK: 0.5056
2026-06-03 21:23:14,870 [INFO] Val   -> Loss: 1.4526 | Acc: 0.4333 | QWK: 0.5268 | AUC-ROC: 0.7517
2026-06-03 21:23:14,873 [INFO] --- Epoch 29/30 ---
2026-06-03 21:23:43,368 [INFO] Train -> Loss: 1.5041 | Acc: 0.4620 | QWK: 0.4918
2026-06-03 21:23:43,369 [INFO] Val   -> Loss: 1.3692 | Acc: 0.5083 | QWK: 0.6486 | AUC-ROC: 0.7546
2026-06-03 21:23:43,377 [INFO] --- Epoch 30/30 ---
2026-06-03 21:24:10,896 [INFO] Train -> Loss: 1.4191 | Acc: 0.4648 | QWK: 0.5202
2026-06-03 21:24:10,896 [INFO] Val   -> Loss: 1.3725 | Acc: 0.5083 | QWK: 0.6570 | AUC-ROC: 0.7723
2026-06-03 21:24:10,901 [INFO] Training complete. Saving curves...
2026-06-03 21:24:11,267 [INFO] Done! Results and checkpoints saved under: ./outputs/linear
